# Gym-Git-Exercise-Solutions
my terminal solution history
 ......bundle-1
  ######################################################################### exercise-1########################################################################
  ...>bash 
  
User@ntwali MINGW64 ~/Desktop/github-excercise
$ git init 
Initialized empty Git repository in C:/Users/User/Desktop/github-excercise/.git/

User@ntwali MINGW64 ~/Desktop/github-excercise (master)
$ git branch -M main

User@ntwali MINGW64 ~/Desktop/github-excercise (main)
$ git status
On branch main

No commits yet

Untracked files:
  (use "git add <file>..." to include in what will be committed)
        READ-ME.md
        index.html

nothing added to commit but untracked files present (use "git add" to track)

User@ntwali MINGW64 ~/Desktop/github-excercise (main)
$ git add .

User@ntwali MINGW64 ~/Desktop/github-excercise (main)
$ git commit -m "added 2 files"
[main (root-commit) df7f5b4] added 2 files
 2 files changed, 14 insertions(+)
 create mode 100644 READ-ME.md
 create mode 100644 index.html

User@ntwali MINGW64 ~/Desktop/github-excercise (main)
$ git remote add origin https://github.com/igorntwari/git-exercises.git

User@ntwali MINGW64 ~/Desktop/github-excercise (main)
$ git push -u origin main
Enumerating objects: 4, done.
Counting objects: 100% (4/4), done.
Delta compression using up to 4 threads
Compressing objects: 100% (3/3), done.
Writing objects: 100% (4/4), 482 bytes | 241.00 KiB/s, done.
Total 4 (delta 0), reused 0 (delta 0), pack-reused 0
To https://github.com/igorntwari/git-exercises.git
 * [new branch]      main -> main
branch 'main' set up to track 'origin/main'.

User@ntwali MINGW64 ~/Desktop/github-excercise (main)
$ git checkout -b dev 
Switched to a new branch 'dev'

User@ntwali MINGW64 ~/Desktop/github-excercise (dev)
$ git push 
fatal: The current branch dev has no upstream branch.
To push the current branch and set the remote as upstream, use

    git push --set-upstream origin dev

To have this happen automatically for branches without a tracking
upstream, see 'push.autoSetupRemote' in 'git help config'.


User@ntwali MINGW64 ~/Desktop/github-excercise (dev)
$  git push --set-upstream origin dev
Total 0 (delta 0), reused 0 (delta 0), pack-reused 0
remote: 
remote: Create a pull request for 'dev' on GitHub by visiting:
remote:      https://github.com/igorntwari/git-exercises/pull/new/dev
remote:
To https://github.com/igorntwari/git-exercises.git
 * [new branch]      dev -> dev
branch 'dev' set up to track 'origin/dev'.

User@ntwali MINGW64 ~/Desktop/github-excercise (dev)
$ git checkout -b test
Switched to a new branch 'test'

User@ntwali MINGW64 ~/Desktop/github-excercise (test)
$ push orgin test
bash: push: command not found

User@ntwali MINGW64 ~/Desktop/github-excercise (test)
$ git push orgin test 
fatal: 'orgin' does not appear to be a git repository
fatal: Could not read from remote repository.

Please make sure you have the correct access rights
and the repository exists.

User@ntwali MINGW64 ~/Desktop/github-excercise (test)
$ git push origin test
Total 0 (delta 0), reused 0 (delta 0), pack-reused 0
remote: 
remote: Create a pull request for 'test' on GitHub by visiting:
remote:      https://github.com/igorntwari/git-exercises/pull/new/test
remote:
To https://github.com/igorntwari/git-exercises.git
 * [new branch]      test -> test

User@ntwali MINGW64 ~/Desktop/github-excercise (test)
$ git checkout dev 
Switched to branch 'dev'
Your branch is up to date with 'origin/dev'.

User@ntwali MINGW64 ~/Desktop/github-excercise (dev)
$ git branch -D test
Deleted branch test (was df7f5b4).

User@ntwali MINGW64 ~/Desktop/github-excercise (dev)
$ git push origin -d test
To https://github.com/igorntwari/git-exercises.git
 - [deleted]         test

User@ntwali MINGW64 ~/Desktop/github-excercise (dev)
$
  ########################################################################### end of exercise-1#################################################################
   exercises-1
 >bash
 User@ntwali MINGW64 ~/Desktop/github-excercise (exercise-2)
$ git checkout dev 
Switched to branch 'dev'
Your branch is up to date with 'origin/dev'.

User@ntwali MINGW64 ~/Desktop/github-excercise (dev)
$ touch home.html

User@ntwali MINGW64 ~/Desktop/github-excercise (dev)
$ git status
On branch dev
Your branch is up to date with 'origin/dev'.

Untracked files:
  (use "git add <file>..." to include in what will be committed)
        home.html

nothing added to commit but untracked files present (use "git add" to track)

User@ntwali MINGW64 ~/Desktop/github-excercise (dev)
$ git add .

User@ntwali MINGW64 ~/Desktop/github-excercise (dev)
$ git status
On branch dev
Your branch is up to date with 'origin/dev'.

Changes to be committed:
  (use "git restore --staged <file>..." to unstage)
        new file:   home.html


User@ntwali MINGW64 ~/Desktop/github-excercise (dev)
$ git stash
Saved working directory and index state WIP on dev: df7f5b4 added 2 files

User@ntwali MINGW64 ~/Desktop/github-excercise (dev)
$ git stash list
stash@{0}: WIP on dev: df7f5b4 added 2 files
stash@{1}: On exercise-2: added home.html file

User@ntwali MINGW64 ~/Desktop/github-excercise (dev)
$ touch about.html

User@ntwali MINGW64 ~/Desktop/github-excercise (dev)
$ git status
On branch dev
Your branch is up to date with 'origin/dev'.

Untracked files:
  (use "git add <file>..." to include in what will be committed)
        about.html

nothing added to commit but untracked files present (use "git add" to track)

User@ntwali MINGW64 ~/Desktop/github-excercise (dev)
$ git add about.html

User@ntwali MINGW64 ~/Desktop/github-excercise (dev)
$ git stash
Saved working directory and index state WIP on dev: df7f5b4 added 2 files

User@ntwali MINGW64 ~/Desktop/github-excercise (dev)
$ git stash list
stash@{0}: WIP on dev: df7f5b4 added 2 files
stash@{1}: WIP on dev: df7f5b4 added 2 files
stash@{2}: On exercise-2: added home.html file

User@ntwali MINGW64 ~/Desktop/github-excercise (dev)
$ touch team.html

User@ntwali MINGW64 ~/Desktop/github-excercise (dev)
$ git status
On branch dev
Your branch is up to date with 'origin/dev'.

Untracked files:
  (use "git add <file>..." to include in what will be committed)
        team.html

nothing added to commit but untracked files present (use "git add" to track)

User@ntwali MINGW64 ~/Desktop/github-excercise (dev)
$ git add team.html

User@ntwali MINGW64 ~/Desktop/github-excercise (dev)
$ git stash
Saved working directory and index state WIP on dev: df7f5b4 added 2 files

User@ntwali MINGW64 ~/Desktop/github-excercise (dev)
$ git stash list
stash@{0}: WIP on dev: df7f5b4 added 2 files
stash@{1}: WIP on dev: df7f5b4 added 2 files
stash@{2}: WIP on dev: df7f5b4 added 2 files
stash@{3}: On exercise-2: added home.html file

User@ntwali MINGW64 ~/Desktop/github-excercise (dev)
$ git pop stash@{1}
git: 'pop' is not a git command. See 'git --help'.

The most similar command is
        log

User@ntwali MINGW64 ~/Desktop/github-excercise (dev)
$ git stash pop stash@{1}
On branch dev
Your branch is up to date with 'origin/dev'.

Changes to be committed:
  (use "git restore --staged <file>..." to unstage)
        new file:   about.html

Dropped stash@{1} (8bbca9682b34641e8987ab40b7a0bb04f2f8fa79)

User@ntwali MINGW64 ~/Desktop/github-excercise (dev)
$ git stash list
stash@{0}: WIP on dev: df7f5b4 added 2 files
stash@{1}: WIP on dev: df7f5b4 added 2 files
stash@{2}: On exercise-2: added home.html file

User@ntwali MINGW64 ~/Desktop/github-excercise (dev)
$ git stash pop stash@{1}
On branch dev
Your branch is up to date with 'origin/dev'.

Changes to be committed:
  (use "git restore --staged <file>..." to unstage)
        new file:   about.html
        new file:   home.html

Dropped stash@{1} (292f87568c904203dcfd30033c72689fe7e3afb2)

User@ntwali MINGW64 ~/Desktop/github-excercise (dev)
$ git add .

User@ntwali MINGW64 ~/Desktop/github-excercise (dev)
$

User@ntwali MINGW64 ~/Desktop/github-excercise (dev)
$ git commit -m "added home and about pages"
[dev 08c1390] added home and about pages
 2 files changed, 22 insertions(+)
 create mode 100644 about.html
 create mode 100644 home.html

User@ntwali MINGW64 ~/Desktop/github-excercise (dev)
$ git push
Enumerating objects: 5, done.
Counting objects: 100% (5/5), done.
Delta compression using up to 4 threads
Compressing objects: 100% (4/4), done.
Writing objects: 100% (4/4), 599 bytes | 299.00 KiB/s, done.
Total 4 (delta 1), reused 0 (delta 0), pack-reused 0
remote: Resolving deltas: 100% (1/1), done.
To https://github.com/igorntwari/git-exercises.git
   df7f5b4..08c1390  dev -> dev

User@ntwali MINGW64 ~/Desktop/github-excercise (dev)
$ git stash list
stash@{0}: WIP on dev: df7f5b4 added 2 files
stash@{1}: On exercise-2: added home.html file

User@ntwali MINGW64 ~/Desktop/github-excercise (dev)
$ git stash pop stash@{0}
On branch dev
Your branch is up to date with 'origin/dev'.

Changes to be committed:
  (use "git restore --staged <file>..." to unstage)
        new file:   team.html

Dropped stash@{0} (811e0d9043d3411989c2e37f2375d4aa1e964bbf)

User@ntwali MINGW64 ~/Desktop/github-excercise (dev)
$ git reset --hard
HEAD is now at 08c1390 added home and about pages

User@ntwali MINGW64 ~/Desktop/github-excercise (dev)
$
 
 
 ................................................................end of exercise number 2
 
 
 ......................# Bundle 2 Exercises 1...................................

User@ntwali MINGW64 ~/Desktop/github-excercise (dev)
$ git checkout -b ft/bundle-2
Switched to a new branch 'ft/bundle-2'

User@ntwali MINGW64 ~/Desktop/github-excercise (ft/bundle-2)
$ touch services.html

User@ntwali MINGW64 ~/Desktop/github-excercise (ft/bundle-2)
$ git add services.html

User@ntwali MINGW64 ~/Desktop/github-excercise (ft/bundle-2)
$ git commit -m "added service file"
[ft/bundle-2 6f12252] added service file
 1 file changed, 12 insertions(+)
 create mode 100644 services.html
User@ntwali MINGW64 ~/Desktop/github-excercise (ft/bundle-2)
$ git push --set-upstream origin ft/bundle-2
Enumerating objects: 4, done.
Counting objects: 100% (4/4), done.
Delta compression using up to 4 threads
Compressing objects: 100% (3/3), done.
Writing objects: 100% (3/3), 461 bytes | 230.00 KiB/s, done.
Total 3 (delta 1), reused 0 (delta 0), pack-reused 0
remote: Resolving deltas: 100% (1/1), completed with 1 local object.
remote: 
remote: Create a pull request for 'ft/bundle-2' on GitHub by visiting:
remote:      https://github.com/igorntwari/git-exercises/pull/new/ft/bundle-2
remote:
To https://github.com/igorntwari/git-exercises.git
 * [new branch]      ft/bundle-2 -> ft/bundle-2
branch 'ft/bundle-2' set up to track 'origin/ft/bundle-2'.

User@ntwali MINGW64 ~/Desktop/github-excercise (ft/bundle-2)
$
  ................................................................end of # Bundle 2 Exercises 1.............................................................................

......................................................................bundle 2 Exercise 2 ....................................................................................
 
 
User@ntwali MINGW64 ~/Desktop/github-excercise (ft/bundle-2)
$ git checkout main
Switched to a new branch 'main'
branch 'main' set up to track 'origin/main'.

User@ntwali MINGW64 ~/Desktop/github-excercise (main)
$ git pull
remote: Enumerating objects: 1, done.
remote: Counting objects: 100% (1/1), done.
remote: Total 1 (delta 0), reused 0 (delta 0), pack-reused 0
Unpacking objects: 100% (1/1), 638 bytes | 14.00 KiB/s, done.
From https://github.com/igorntwari/git-exercises
   df7f5b4..763f671  main       -> origin/main
Updating df7f5b4..763f671
Fast-forward
 about.html    | 10 ++++++++++
 home.html     | 12 ++++++++++++
 services.html | 12 ++++++++++++
 3 files changed, 34 insertions(+)
 create mode 100644 about.html
 create mode 100644 home.html
 create mode 100644 services.html

User@ntwali MINGW64 ~/Desktop/github-excercise (main)
$ git branch ft/service-redesign

User@ntwali MINGW64 ~/Desktop/github-excercise (main)
$ git commit -m "made some changes in service"
On branch main
Your branch is up to date with 'origin/main'.

nothing to commit, working tree clean        

User@ntwali MINGW64 ~/Desktop/github-excercise (main)
$ git push
Everything up-to-date

User@ntwali MINGW64 ~/Desktop/github-excercise (main)
$ git add .

User@ntwali MINGW64 ~/Desktop/github-excercise (main)
$ git push origin main
Everything up-to-date

User@ntwali MINGW64 ~/Desktop/github-excercise (main)
$ git commit -m "made some changes in service"
On branch main
Your branch is up to date with 'origin/main'.

Changes not staged for commit:
  (use "git add <file>..." to update what will be committed)
  (use "git restore <file>..." to discard changes in working directory)
        modified:   services.html

no changes added to commit (use "git add" and/or "git commit -a")

User@ntwali MINGW64 ~/Desktop/github-excercise (main)
$ git add .

User@ntwali MINGW64 ~/Desktop/github-excercise (main)
$ git push origin main
Everything up-to-date

User@ntwali MINGW64 ~/Desktop/github-excercise (main)
$ git add
Nothing specified, nothing added.
hint: Maybe you wanted to say 'git add .'?      
hint: Turn this message off by running
hint: "git config advice.addEmptyPathspec false"
User@ntwali MINGW64 ~/Desktop/github-excercise (main)
$ git add --all

User@ntwali MINGW64 ~/Desktop/github-excercise (main)
$ git commit -m "added copyright"
On branch main
Your branch is up to date with 'origin/main'.

Changes not staged for commit:
  (use "git add <file>..." to update what will be committed)
  (use "git restore <file>..." to discard changes in working directory)
        modified:   services.html

no changes added to commit (use "git add" and/or "git commit -a")

User@ntwali MINGW64 ~/Desktop/github-excercise (main)
$ git checkout ft/service-redesign
Switched to branch 'ft/service-redesign'

User@ntwali MINGW64 ~/Desktop/github-excercise (ft/service-redesign)
$ git diff main..ft/service-redesign
diff --git a/services.html b/services.html
index 80f489c..b882ab1 100644
--- a/services.html
+++ b/services.html
@@ -8,6 +8,5 @@
   </head>
   <body>
     <h1>services</h1>
-    <p>added new paragraph in service</p>
   </body>
 </html>

User@ntwali MINGW64 ~/Desktop/github-excercise (ft/service-redesign)
$ git checkout main
Switched to branch 'main'
Your branch is up to date with 'origin/main'.

User@ntwali MINGW64 ~/Desktop/github-excercise (main)
$ git merge ft/service-redesign
Already up to date.

User@ntwali MINGW64 ~/Desktop/github-excercise (main)
$ git commit -m "Merge ft/service-redesign into main"
On branch main
Your branch is up to date with 'origin/main'.

nothing to commit, working tree clean

User@ntwali MINGW64 ~/Desktop/github-excercise (main)
$ git push origin main
Everything up-to-date

User@ntwali MINGW64 ~/Desktop/github-excercise (main)
$
 .............................................................end of bundle 2 Excercise 2 ...........................................................
 
 ............................................................bundle 3 Exercise 1 ................................................................
 
 
 
User@ntwali MINGW64 ~/Desktop/github-excercise (main)
$ git branch ft/team-page

User@ntwali MINGW64 ~/Desktop/github-excercise (main)
$ git checkout ft/team-page
Switched to branch 'ft/team-page'

User@ntwali MINGW64 ~/Desktop/github-excercise (ft/team-page)
$ touch team.html

User@ntwali MINGW64 ~/Desktop/github-excercise (ft/team-page)
$ git commit -m "created new page"
On branch ft/team-page
Untracked files:
  (use "git add <file>..." to include in what will be committed)
        team.html

nothing added to commit but untracked files present (use "git add" to track)

User@ntwali MINGW64 ~/Desktop/github-excercise (ft/team-page)
$ git add team.html

User@ntwali MINGW64 ~/Desktop/github-excercise (ft/team-page)
$ git commit -m "created new page"
[ft/team-page 11e8dc6] created new page
 1 file changed, 0 insertions(+), 0 deletions(-)
 create mode 100644 team.html

User@ntwali MINGW64 ~/Desktop/github-excercise (ft/team-page)
$ git push origin ft/team-page
Enumerating objects: 4, done.
Counting objects: 100% (4/4), done.
Delta compression using up to 4 threads
Compressing objects: 100% (2/2), done.
Writing objects: 100% (3/3), 270 bytes | 20.00 KiB/s, done.
Total 3 (delta 1), reused 0 (delta 0), pack-reused 0
remote: Resolving deltas: 100% (1/1), completed with 1 local object.
remote: 
remote: Create a pull request for 'ft/team-page' on GitHub by visiting:
remote:      https://github.com/igorntwari/git-exercises/pull/new/ft/team-page
remote:
To https://github.com/igorntwari/git-exercises.git
 * [new branch]      ft/team-page -> ft/team-page

User@ntwali MINGW64 ~/Desktop/github-excercise (ft/team-page)
$ git checkout main
error: Your local changes to the following files would be overwritten by checkout:
        team.html
Please commit your changes or stash them before you switch branches.
Aborting

User@ntwali MINGW64 ~/Desktop/github-excercise (ft/team-page)
$ git add team.html

User@ntwali MINGW64 ~/Desktop/github-excercise (ft/team-page)
$ git commit -m "Committing changes to team.html"
[ft/team-page 40dddfc] Committing changes to team.html
 1 file changed, 12 insertions(+)

User@ntwali MINGW64 ~/Desktop/github-excercise (ft/team-page)
$ git checkout main
Switched to branch 'main'
Your branch is up to date with 'origin/main'.

User@ntwali MINGW64 ~/Desktop/github-excercise (main)
$ git branch ft/contact-page

User@ntwali MINGW64 ~/Desktop/github-excercise (main)
$ git checkout ft/team-page
Switched to branch 'ft/team-page'

User@ntwali MINGW64 ~/Desktop/github-excercise (ft/team-page)
$ git log
commit 40dddfc7f077e90e735935c63c5689064628465c (HEAD -> ft/team-page)
Author: igorntwari <igorntwari28@gmail.com>
Date:   Thu May 18 00:17:49 2023 +0200

    Committing changes to team.html

commit 11e8dc690b9eb65c68941c4cbd527f283d5ffe05 (origin/ft/team-page)
Author: igorntwari <igorntwari28@gmail.com>
Date:   Thu May 18 00:13:56 2023 +0200
:...skipping...
commit 40dddfc7f077e90e735935c63c5689064628465c (HEAD -> ft/team-page)
Author: igorntwari <igorntwari28@gmail.com>
Date:   Thu May 18 00:17:49 2023 +0200

    Committing changes to team.html

commit 11e8dc690b9eb65c68941c4cbd527f283d5ffe05 (origin/ft/team-page)
Author: igorntwari <igorntwari28@gmail.com>
Date:   Thu May 18 00:13:56 2023 +0200

    created new page

commit d6ff4f6c2624a55b69a1f0b768e4957fd3e2f6e0 (origin/main, main, ft/contact-page)
Merge: e2da766 3eec9fd
Author: igorntwari <igorntwari28@gmail.com>
Date:   Wed May 17 00:54:20 2023 +0200

    Merge branch 'main' of https://github.com/igorntwari/git-exercises

commit e2da7665fa053fda4d8b7bbc17b733977e1f9601
Author: igorntwari <igorntwari28@gmail.com>

User@ntwali MINGW64 ~/Desktop/github-excercise (ft/team-page)
$ git checkout ft/contact-page
Switched to branch 'ft/contact-page'

User@ntwali MINGW64 ~/Desktop/github-excercise (ft/contact-page)
$ git log ft/team-page
commit 40dddfc7f077e90e735935c63c5689064628465c (ft/team-page)
Author: igorntwari <igorntwari28@gmail.com>
Date:   Thu May 18 00:17:49 2023 +0200

    Committing changes to team.html

commit 11e8dc690b9eb65c68941c4cbd527f283d5ffe05 (origin/ft/team-page)
Author: igorntwari <igorntwari28@gmail.com>
Date:   Thu May 18 00:13:56 2023 +0200

    created new page

commit d6ff4f6c2624a55b69a1f0b768e4957fd3e2f6e0 (HEAD -> ft/contact-page, origin/main, main)
Merge: e2da766 3eec9fd
Author: igorntwari <igorntwari28@gmail.com>
Date:   Wed May 17 00:54:20 2023 +0200

    Merge branch 'main' of https://github.com/igorntwari/git-exercises

commit e2da7665fa053fda4d8b7bbc17b733977e1f9601
Author: igorntwari <igorntwari28@gmail.com>

User@ntwali MINGW64 ~/Desktop/github-excercise (ft/contact-page)
$ git cherry-pick <commit-hash>
bash: syntax error near unexpected token `newline'

User@ntwali MINGW64 ~/Desktop/github-excercise (ft/contact-page)
$ git cherry-pick commit d6ff4f6c2624a55b69a1f0b768e4957fd3e2f6e0
fatal: bad revision 'commit'

User@ntwali MINGW64 ~/Desktop/github-excercise (ft/contact-page)
$

User@ntwali MINGW64 ~/Desktop/github-excercise (ft/contact-page)
$ git cherry-pick d6ff4f6c2624a55b69a1f0b768e4957fd3e2f6e0
error: commit d6ff4f6c2624a55b69a1f0b768e4957fd3e2f6e0 is a merge but no -m option was given.
fatal: cherry-pick failed

User@ntwali MINGW64 ~/Desktop/github-excercise (ft/contact-page)
$ git cherry-pick 40dddfc7f077e90e735935c63c5689064628465c1
fatal: bad revision '40dddfc7f077e90e735935c63c5689064628465c1'

User@ntwali MINGW64 ~/Desktop/github-excercise (ft/contact-page)
$ git cherry-pick 11e8dc690b9eb65c68941c4cbd527f283d5ffe05 01~
fatal: bad revision '01~'

User@ntwali MINGW64 ~/Desktop/github-excercise (ft/contact-page)
$ git cherry-pick 11e8dc690b9eb65c68941c4cbd527f283d5ffe05
[ft/contact-page 62412c3] created new page
 Date: Thu May 18 00:13:56 2023 +0200
 1 file changed, 0 insertions(+), 0 deletions(-)
 create mode 100644 team.html

User@ntwali MINGW64 ~/Desktop/github-excercise (ft/contact-page)
$ touch contact.html

User@ntwali MINGW64 ~/Desktop/github-excercise (ft/contact-page)
$ git add contact.html

User@ntwali MINGW64 ~/Desktop/github-excercise (ft/contact-page)
$ git commit -m "Added new content  to the contact page"
[ft/contact-page 29b6c1c] Added new content  to the contact page
 1 file changed, 12 insertions(+)
 create mode 100644 contact.html

User@ntwali MINGW64 ~/Desktop/github-excercise (ft/contact-page)
$ git push origin ft/contact-page
Enumerating objects: 7, done.
Counting objects: 100% (7/7), done.
Delta compression using up to 4 threads
Compressing objects: 100% (5/5), done.
Writing objects: 100% (6/6), 706 bytes | 141.00 KiB/s, done.
Total 6 (delta 2), reused 0 (delta 0), pack-reused 0
remote: Resolving deltas: 100% (2/2), completed with 1 local object.
remote: 
remote: Create a pull request for 'ft/contact-page' on GitHub by visiting:
remote:      https://github.com/igorntwari/git-exercises/pull/new/ft/contact-page
remote:
To https://github.com/igorntwari/git-exercises.git
 * [new branch]      ft/contact-page -> ft/contact-page

User@ntwali MINGW64 ~/Desktop/github-excercise (ft/contact-page)
$ git checkout ft/faq-page
error: pathspec 'ft/faq-page' did not match any file(s) known to git

User@ntwali MINGW64 ~/Desktop/github-excercise (ft/contact-page)
$ git branch ft/faq-page

User@ntwali MINGW64 ~/Desktop/github-excercise (ft/contact-page)
$ git checkout ft/faq-page
Switched to branch 'ft/faq-page'

User@ntwali MINGW64 ~/Desktop/github-excercise (ft/faq-page)
$ touch faq.html

User@ntwali MINGW64 ~/Desktop/github-excercise (ft/faq-page)
$ git add faq.html

User@ntwali MINGW64 ~/Desktop/github-excercise (ft/faq-page)
$ git commit -m "created new file named faq"
[ft/faq-page 3d51d82] created new file named faq
 1 file changed, 12 insertions(+)
 create mode 100644 faq.html

User@ntwali MINGW64 ~/Desktop/github-excercise (ft/faq-page)
$ git push origin ft/faq-page
Enumerating objects: 4, done.
Counting objects: 100% (4/4), done.
Delta compression using up to 4 threads
Compressing objects: 100% (3/3), done.
Writing objects: 100% (3/3), 471 bytes | 1024 bytes/s, done.
Total 3 (delta 1), reused 0 (delta 0), pack-reused 0
remote: Resolving deltas: 100% (1/1), completed with 1 local object.
remote: 
remote: Create a pull request for 'ft/faq-page' on GitHub by visiting:
remote:      https://github.com/igorntwari/git-exercises/pull/new/ft/faq-page
remote:
To https://github.com/igorntwari/git-exercises.git
 * [new branch]      ft/faq-page -> ft/faq-page

User@ntwali MINGW64 ~/Desktop/github-excercise (ft/faq-page)
$ git checkout ft/team-page
Rename from 'C:/Users/User/Desktop/github-excercise/.git/HEAD.lock' to 'C:/Users/User/Desktop/github-excercise/.git/HEAD' failed. Should I try again? (y/n) y
Switched to branch 'ft/team-page'

User@ntwali MINGW64 ~/Desktop/github-excercise (ft/team-page)
$ git revert git checkout ft/team-page
fatal: bad revision 'git'

User@ntwali MINGW64 ~/Desktop/github-excercise (ft/team-page)
$ git revert 11e8dc690b9eb65c68941c4cbd527f283d5ffe051
fatal: bad revision '11e8dc690b9eb65c68941c4cbd527f283d5ffe051'

User@ntwali MINGW64 ~/Desktop/github-excercise (ft/team-page)
$ git revert 11e8dc690b9eb65c68941c4cbd527f283d5ffe051
fatal: bad revision '11e8dc690b9eb65c68941c4cbd527f283d5ffe051'

User@ntwali MINGW64 ~/Desktop/github-excercise (ft/team-page)
$ git log
commit 40dddfc7f077e90e735935c63c5689064628465c (HEAD -> ft/team-page)
Author: igorntwari <igorntwari28@gmail.com>
Date:   Thu May 18 00:17:49 2023 +0200

    Committing changes to team.html

commit 11e8dc690b9eb65c68941c4cbd527f283d5ffe05 (origin/ft/team-page)
Author: igorntwari <igorntwari28@gmail.com>
Date:   Thu May 18 00:13:56 2023 +0200

    created new page

commit d6ff4f6c2624a55b69a1f0b768e4957fd3e2f6e0 (origin/main, main)
Merge: e2da766 3eec9fd
Author: igorntwari <igorntwari28@gmail.com>
Date:   Wed May 17 00:54:20 2023 +0200

    Merge branch 'main' of https://github.com/igorntwari/git-exercises

commit e2da7665fa053fda4d8b7bbc17b733977e1f9601
Author: igorntwari <igorntwari28@gmail.com>

User@ntwali MINGW64 ~/Desktop/github-excercise (ft/team-page)
$ git revert 11e8dc690b9eb65c68941c4cbd527f283d5ffe051~
fatal: bad revision '11e8dc690b9eb65c68941c4cbd527f283d5ffe051~'

User@ntwali MINGW64 ~/Desktop/github-excercise (ft/team-page)
$ git revert 11e8dc690b9eb65c68941c4cbd527f283d5ffe051
fatal: bad revision '11e8dc690b9eb65c68941c4cbd527f283d5ffe051'

User@ntwali MINGW64 ~/Desktop/github-excercise (ft/team-page)
$ git revert 40dddfc7f077e90e735935c63c5689064628465c1
fatal: bad revision '40dddfc7f077e90e735935c63c5689064628465c1'

User@ntwali MINGW64 ~/Desktop/github-excercise (ft/team-page)
$ git log
commit 40dddfc7f077e90e735935c63c5689064628465c (HEAD -> ft/team-page)
Author: igorntwari <igorntwari28@gmail.com>
Date:   Thu May 18 00:17:49 2023 +0200

    Committing changes to team.html

commit 11e8dc690b9eb65c68941c4cbd527f283d5ffe05 (origin/ft/team-page)
Author: igorntwari <igorntwari28@gmail.com>
Date:   Thu May 18 00:13:56 2023 +0200

    created new page

commit d6ff4f6c2624a55b69a1f0b768e4957fd3e2f6e0 (origin/main, main)
Merge: e2da766 3eec9fd
Author: igorntwari <igorntwari28@gmail.com>
Date:   Wed May 17 00:54:20 2023 +0200

    Merge branch 'main' of https://github.com/igorntwari/git-exercises

commit e2da7665fa053fda4d8b7bbc17b733977e1f9601
Author: igorntwari <igorntwari28@gmail.com>

User@ntwali MINGW64 ~/Desktop/github-excercise (ft/team-page)
$ git revert 40dddfc7f077e90e735935c63c5689064628465c1
fatal: bad revision '40dddfc7f077e90e735935c63c5689064628465c1'

User@ntwali MINGW64 ~/Desktop/github-excercise (ft/team-page)
$ git revert 40dddfc7f077e90e735935c63c5689064628465c
hint: Waiting for your editor to close the file... Vim: Error reading input, exiting...
Vim: preserving files...
Vim: Finished.

error: There was a problem with the editor 'vi'.
Please supply the message using either -m or -F option.

User@ntwali MINGW64 ~/Desktop/github-excercise (ft/team-page)
$ -m
bash: -m: command not found

User@ntwali MINGW64 ~/Desktop/github-excercise (ft/team-page)
$ git revert 40dddfc7f077e90e735935c63c5689064628465c
error: your local changes would be overwritten by revert.
hint: commit your changes or stash them to proceed.
fatal: revert failed

User@ntwali MINGW64 ~/Desktop/github-excercise (ft/team-page)
$ git push origin ft/team-page
Enumerating objects: 5, done.
Counting objects: 100% (5/5), done.
Delta compression using up to 4 threads
Compressing objects: 100% (3/3), done.
Writing objects: 100% (3/3), 481 bytes | 481.00 KiB/s, done.
Total 3 (delta 1), reused 0 (delta 0), pack-reused 0
remote: Resolving deltas: 100% (1/1), completed with 1 local object.
To https://github.com/igorntwari/git-exercises.git
   11e8dc6..40dddfc  ft/team-page -> ft/team-page

User@ntwali MINGW64 ~/Desktop/github-excercise (ft/team-page)
$
.......................................................................end of bundle 3 Exercises1 ...........................................................
  ...................................................bundle 3 Exercises 2 ..........................
 
 
 
 User@ntwali MINGW64 ~/Desktop/github-excercise (ft/faq-page)
$ git checkout -b ft/home-page-redesign
Switched to a new branch 'ft/home-page-redesign'

User@ntwali MINGW64 ~/Desktop/github-excercise (ft/home-page-redesign)
$ git checkout main
Switched to branch 'main'
Your branch is up to date with 'origin/main'.

User@ntwali MINGW64 ~/Desktop/github-excercise (main)
$ git add index.html

User@ntwali MINGW64 ~/Desktop/github-excercise (main)
$ git commit -m "made changes in main"
On branch main
Your branch is up to date with 'origin/main'.

Untracked files:
  (use "git add <file>..." to include in what will be committed)
        faq.html

nothing added to commit but untracked files present (use "git add" to track)

User@ntwali MINGW64 ~/Desktop/github-excercise (main)
$ git add faq.html

User@ntwali MINGW64 ~/Desktop/github-excercise (main)
$ git commit -m "made changes in main"
[main 12ca879] made changes in main
 1 file changed, 13 insertions(+)
 create mode 100644 faq.html

User@ntwali MINGW64 ~/Desktop/github-excercise (main)
$ git push origin main 
Enumerating objects: 4, done.
Counting objects: 100% (4/4), done.
Delta compression using up to 4 threads
Compressing objects: 100% (3/3), done.
Writing objects: 100% (3/3), 504 bytes | 252.00 KiB/s, done.
Total 3 (delta 1), reused 0 (delta 0), pack-reused 0
remote: Resolving deltas: 100% (1/1), completed with 1 local object.
To https://github.com/igorntwari/git-exercises.git
   d6ff4f6..12ca879  main -> main

User@ntwali MINGW64 ~/Desktop/github-excercise (main)
$ git checkout ft/home-page-redesign
Switched to branch 'ft/home-page-redesign'

User@ntwali MINGW64 ~/Desktop/github-excercise (ft/home-page-redesign)
$ git fetch
remote: Enumerating objects: 1, done.
remote: Counting objects: 100% (1/1), done.
remote: Total 1 (delta 0), reused 0 (delta 0), pack-reused 0
Unpacking objects: 100% (1/1), 630 bytes | 22.00 KiB/s, done.
From https://github.com/igorntwari/git-exercises
   6f12252..59194d8  ft/bundle-2 -> origin/ft/bundle-2

User@ntwali MINGW64 ~/Desktop/github-excercise (ft/home-page-redesign)
$ git rebase origin/main
Auto-merging faq.html
CONFLICT (add/add): Merge conflict in faq.html
error: could not apply 3d51d82... created new file named faq
hint: Resolve all conflicts manually, mark them as resolved with
hint: "git add/rm <conflicted_files>", then run "git rebase --continue".
hint: You can instead skip this commit: run "git rebase --skip".
hint: To abort and get back to the state before "git rebase", run "git rebase --abort".
Could not apply 3d51d82... created new file named faq

User@ntwali MINGW64 ~/Desktop/github-excercise (ft/home-page-redesign|REBASE 3/3)
$ git rebase --continue
faq.html: needs merge
You must edit all merge conflicts and then
mark them as resolved using git add

User@ntwali MINGW64 ~/Desktop/github-excercise (ft/home-page-redesign|REBASE 3/3)
$ git checkout main
Warning: you are leaving 2 commits behind, not connected to
any of your branches:

  1b916f8 Added new content  to the contact page
  bfa3a78 created new page

If you want to keep them by creating a new branch, this may be a good time
to do so with:

 git branch <new-branch-name> 1b916f8

Switched to branch 'main'
M       faq.html
M       home.html
Your branch is up to date with 'origin/main'.

User@ntwali MINGW64 ~/Desktop/github-excercise (ft/home-page-redesign|REBASE 3/3)
$ git commit -m "added some changes in home"
[main e3c42e5] added some changes in home
 1 file changed, 13 deletions(-)

User@ntwali MINGW64 ~/Desktop/github-excercise (ft/home-page-redesign|REBASE 3/3)
$ git rebase origin/ft/home-page-redesign
fatal: It seems that there is already a rebase-merge directory, and
I wonder if you are in the middle of another rebase.  If that is the
case, please try
        git rebase (--continue | --abort | --skip)
If that is not the case, please
        rm -fr ".git/rebase-merge"
and run me again.  I am stopping in case you still have something
valuable there.


User@ntwali MINGW64 ~/Desktop/github-excercise (ft/home-page-redesign|REBASE 3/3)
$ touch home-page.html

User@ntwali MINGW64 ~/Desktop/github-excercise (ft/home-page-redesign|REBASE 3/3)
$ git rebase --continue
You must edit all merge conflicts and then
mark them as resolved using git add

User@ntwali MINGW64 ~/Desktop/github-excercise (ft/home-page-redesign|REBASE 3/3)
$ git rebase origin/main
fatal: It seems that there is already a rebase-merge directory, and
I wonder if you are in the middle of another rebase.  If that is the
case, please try
        git rebase (--continue | --abort | --skip)
If that is not the case, please
        rm -fr ".git/rebase-merge"
and run me again.  I am stopping in case you still have something
valuable there.


User@ntwali MINGW64 ~/Desktop/github-excercise (ft/home-page-redesign|REBASE 3/3)
$ rm -fr ".git/rebase-merge"

User@ntwali MINGW64 ~/Desktop/github-excercise (main)
$ git commit -m "added some changes in home"
On branch main
Your branch is ahead of 'origin/main' by 1 commit.
  (use "git push" to publish your local commits)

Changes not staged for commit:
  (use "git add <file>..." to update what will be committed)
  (use "git restore <file>..." to discard changes in working directory)
        modified:   home.html

Untracked files:
  (use "git add <file>..." to include in what will be committed)
        home-page.html

no changes added to commit (use "git add" and/or "git commit -a")

User@ntwali MINGW64 ~/Desktop/github-excercise (main)
$ git push origin main
Enumerating objects: 5, done.
Counting objects: 100% (5/5), done.
Delta compression using up to 4 threads
Compressing objects: 100% (2/2), done.
Writing objects: 100% (3/3), 263 bytes | 263.00 KiB/s, done.
Total 3 (delta 1), reused 0 (delta 0), pack-reused 0
remote: Resolving deltas: 100% (1/1), completed with 1 local object.
To https://github.com/igorntwari/git-exercises.git
   12ca879..e3c42e5  main -> main

User@ntwali MINGW64 ~/Desktop/github-excercise (main)
$
..................................end of bundle 3 Exercise 2............................................................
 
 
 
 
